9
2 1 5
3 6 7 10
3 7 8 10
4 1 6 7 9
4 1 7 8 9
4 1 7 9 10
4 3 7 9 10
5 2 3 6 7 10
5 2 5 6 7 10
