9
2 1 7
2 3 7
2 3 10
2 7 10
3 3 4 7
3 4 7 10
4 1 2 8 10
4 1 3 8 10
4 2 4 8 10
