10
4 1 2 4 9
4 1 2 6 10
4 1 3 5 7
5 1 2 4 7 10
5 1 2 5 7 10
5 1 3 4 5 9
5 2 4 6 7 10
6 1 4 5 6 9 10
6 2 5 7 8 9 10
6 2 6 7 8 9 10
