9
1 2
1 8
2 4 9
3 1 6 9
3 2 3 4
3 2 4 9
4 1 5 6 8
4 1 6 8 9
4 2 3 5 8
