6
5 1 2 3 6 7
5 1 3 4 9 10
5 3 5 7 8 10
6 1 2 3 4 6 9
6 2 3 5 6 7 8
6 3 4 5 8 9 10
