8
5 1 3 4 6 7
6 1 2 3 6 7 8
6 1 2 5 6 7 8
6 1 2 6 7 8 9
6 2 5 6 7 8 9
6 3 4 5 8 9 10
7 1 3 4 7 8 9 10
7 2 4 5 7 8 9 10
