8
1 8
3 2 3 5
3 2 5 7
3 7 8 9
4 1 2 3 5
4 1 3 6 10
4 2 5 7 9
5 1 6 8 9 10
