4
5 1 2 3 4 7
5 1 3 4 7 10
6 1 3 4 5 8 10
8 2 4 5 6 7 8 9 10
