9
5 1 2 4 6 8
5 1 2 4 8 10
5 2 3 4 6 10
5 2 3 4 9 10
5 2 4 6 8 10
5 2 4 8 9 10
5 2 6 7 8 10
5 4 5 8 9 10
6 5 6 7 8 9 10
