16
1 1
1 3
2 3 5
2 5 6
2 5 7
2 5 10
2 6 10
2 7 9
2 9 10
3 3 4 6
3 3 4 7
3 3 4 9
3 4 6 8
3 4 7 8
3 4 8 9
3 4 8 10
