7
3 7 9 10
4 1 6 7 10
4 3 4 5 10
4 3 6 7 10
4 4 5 6 7
5 1 2 6 7 10
5 3 4 5 7 9
