17
1 7
2 2 8
2 3 10
2 5 8
2 7 9
2 8 10
3 1 3 9
3 1 5 9
3 1 7 9
3 1 9 10
3 2 3 9
3 2 5 9
3 2 6 10
3 2 9 10
3 3 7 9
3 5 7 9
3 7 8 9
