11
3 4 6 10
3 6 9 10
4 4 5 7 10
5 1 5 6 7 8
5 3 5 6 8 10
5 3 5 8 9 10
5 4 5 8 9 10
5 4 6 7 9 10
5 5 6 7 8 10
6 1 2 4 5 7 8
6 1 2 4 5 8 9
