7
4 2 7 8 10
4 3 4 6 7
5 3 4 5 7 8
6 1 2 3 5 6 10
6 2 3 4 5 7 9
6 2 3 5 6 7 9
6 2 3 5 6 7 10
