11
3 2 5 6
4 5 6 8 9
5 1 4 5 6 7
5 2 4 6 7 9
5 2 6 7 8 9
5 3 4 6 7 9
5 3 4 6 9 10
5 3 6 7 8 9
5 4 5 6 7 9
5 4 5 6 9 10
5 4 5 8 9 10
