9
4 2 3 7 8
5 1 2 3 9 10
5 2 3 7 9 10
5 5 6 7 8 9
6 2 3 4 7 9 10
6 2 3 5 6 7 9
6 3 4 5 6 7 8
7 1 2 4 5 6 8 9
7 1 2 4 5 6 9 10
