6
3 1 4 9
4 1 3 4 6
5 1 2 3 6 9
6 1 2 6 8 9 10
6 1 3 4 5 6 10
6 2 5 6 8 9 10
