15
3 1 4 6
3 2 7 9
4 1 6 8 10
4 2 3 5 9
4 2 4 6 9
5 1 4 5 8 10
5 2 3 5 7 10
5 2 4 6 8 10
5 2 6 7 8 10
5 3 5 7 9 10
5 4 5 6 8 10
6 1 2 3 5 6 10
6 1 3 4 5 9 10
6 1 3 5 7 8 10
6 4 5 7 8 9 10
