22
2 2 9
2 4 9
2 5 7
3 2 7 9
3 2 7 10
3 5 7 8
3 7 8 9
4 1 2 4 5
4 1 2 4 6
4 1 2 5 9
4 1 2 5 10
4 1 2 6 9
4 1 2 6 10
4 1 6 8 9
4 2 4 5 8
4 2 5 8 10
4 3 4 5 8
4 3 4 7 8
4 3 5 8 10
4 3 7 8 10
5 1 3 4 6 8
5 1 3 6 8 10
