7
5 1 2 3 6 8
5 1 2 4 5 6
5 1 4 5 6 10
5 2 4 5 6 7
5 2 4 5 6 9
6 1 3 4 6 8 10
6 1 3 4 7 8 10
