8
1 4
1 5
1 7
2 2 10
2 4 8
2 4 10
3 4 5 10
3 4 6 9
