13
3 1 2 4
3 1 2 5
3 1 4 7
3 1 5 9
3 2 5 10
3 2 6 8
4 1 3 5 7
4 1 3 5 10
4 4 6 7 8
5 1 3 6 7 8
5 1 3 6 7 9
5 1 4 6 7 9
5 2 4 6 8 10
