7
5 3 7 8 9 10
7 1 2 3 4 5 6 9
7 1 2 3 4 5 9 10
7 1 2 3 5 8 9 10
7 1 2 4 5 6 7 9
7 2 4 5 6 7 8 9
7 2 5 6 7 8 9 10
