13
2 2 6
2 6 8
2 6 9
3 1 9 10
3 2 5 8
3 2 5 10
3 5 6 8
3 5 6 10
3 5 7 8
3 5 7 10
3 6 9 10
4 1 2 5 9
4 1 5 7 9
