10
4 1 3 9 10
4 2 3 4 7
5 1 2 3 5 7
5 1 2 5 6 7
5 3 4 7 8 9
5 3 4 7 9 10
6 1 2 5 6 8 10
6 1 2 5 6 9 10
6 1 2 5 7 8 10
6 2 3 5 7 8 9
