6
3 4 7 8
4 2 4 5 8
5 1 4 6 8 9
5 4 5 6 8 9
5 4 6 8 9 10
6 1 2 4 5 7 9
