5
5 4 5 6 7 9
6 1 3 5 7 8 10
6 2 3 4 5 6 7
7 1 2 3 5 6 7 8
7 1 3 5 6 7 9 10
