8
2 3 8
2 5 9
2 6 8
3 1 3 10
3 2 7 8
3 3 4 5
3 7 8 9
4 2 3 4 7
