6
5 1 3 4 5 9
6 1 3 4 6 8 9
6 1 3 5 7 9 10
7 2 3 4 6 8 9 10
7 2 3 5 7 8 9 10
7 2 3 6 7 8 9 10
