5
6 2 3 4 5 6 7
6 2 3 4 6 7 8
6 3 4 5 6 7 8
6 3 4 6 7 8 9
6 3 4 6 8 9 10
