12
2 3 5
2 5 6
2 5 10
2 6 8
3 2 7 9
3 3 7 9
3 3 7 10
3 5 7 9
3 6 7 10
3 7 8 9
3 7 8 10
3 7 9 10
