7
4 1 7 8 10
6 1 2 3 4 5 7
6 1 2 3 4 7 8
6 1 2 4 7 8 9
6 1 3 4 6 7 8
7 1 2 3 4 5 6 9
7 2 3 6 7 8 9 10
