20
2 3 5
2 3 6
2 5 10
3 1 2 3
3 1 3 4
3 1 3 5
3 1 3 7
3 1 5 7
3 1 7 8
3 2 3 4
4 1 2 6 9
4 1 2 9 10
4 1 6 7 9
4 1 7 9 10
4 5 7 8 9
4 6 7 8 9
4 7 8 9 10
5 2 4 5 8 9
5 2 4 6 8 9
5 2 4 8 9 10
