17
2 7 10
3 2 6 9
4 1 3 6 7
4 1 6 7 9
4 2 4 5 6
4 2 5 6 8
4 2 5 6 10
4 2 5 8 10
4 3 5 6 8
5 1 3 4 5 6
5 1 3 5 6 10
5 1 4 5 6 8
5 1 4 5 6 9
5 1 5 6 7 8
5 1 5 6 9 10
5 1 7 8 9 10
5 2 7 8 9 10
