15
2 1 7
2 3 9
2 3 10
2 7 8
3 1 3 6
3 1 6 9
3 1 6 10
3 3 6 7
3 4 5 8
3 6 7 9
3 6 8 9
3 6 8 10
4 3 4 5 6
4 4 5 6 9
4 4 5 6 10
