15
1 1
1 10
2 5 8
3 1 3 4
3 1 4 8
3 1 6 8
3 1 7 10
3 1 8 10
3 4 6 8
3 5 6 7
3 5 6 8
3 5 7 10
3 5 8 10
4 3 4 6 7
4 3 4 7 10
