7
4 3 5 7 10
5 1 2 3 5 10
5 3 4 5 7 10
6 1 2 3 6 7 10
6 1 3 4 7 9 10
6 1 3 6 7 9 10
6 2 3 4 5 7 9
