10
3 2 5 10
4 4 5 6 8
5 1 2 7 9 10
5 2 4 5 6 8
5 2 5 6 8 9
5 2 7 8 9 10
5 3 4 5 6 8
6 1 3 4 5 6 9
6 1 4 5 6 9 10
6 1 4 6 7 9 10
