8
5 1 2 5 6 10
5 2 4 5 8 10
6 1 2 3 5 7 10
6 1 2 3 5 8 10
6 1 3 4 6 7 9
6 1 3 5 6 7 10
7 2 3 4 6 8 9 10
7 3 4 6 7 8 9 10
