5
5 1 4 5 7 10
6 1 2 3 4 7 10
6 1 2 5 7 8 9
6 1 3 4 5 7 10
6 3 4 5 7 9 10
