9
1 2
3 3 4 8
3 5 7 9
3 7 8 9
4 1 7 8 9
4 2 4 7 8
4 3 4 5 10
4 4 7 8 9
5 2 3 4 7 10
