9
3 2 3 8
4 1 2 4 8
4 1 2 4 10
4 2 3 4 10
4 2 4 6 10
4 3 4 6 7
4 3 4 9 10
5 2 4 6 7 8
5 2 5 6 7 8
