5
6 2 4 5 6 8 10
7 1 3 4 5 6 7 8
7 1 3 4 5 6 8 10
7 1 3 4 5 7 8 9
8 1 2 3 6 7 8 9 10
