9
4 1 2 4 10
4 3 5 7 9
5 1 2 3 5 10
5 1 4 5 6 8
5 1 4 5 8 10
6 1 2 3 5 7 10
6 1 3 5 8 9 10
6 1 5 6 7 8 9
6 1 5 6 8 9 10
