8
2 1 4
3 1 2 5
3 2 3 7
4 1 2 3 5
4 2 3 4 5
5 3 4 5 8 10
6 1 4 5 6 7 10
6 4 5 6 7 8 10
