8
1 7
1 9
1 10
2 1 6
3 1 2 3
3 6 7 10
3 7 9 10
4 2 3 7 9
