6
3 4 6 7
3 4 9 10
3 8 9 10
4 3 4 7 9
4 4 6 7 10
4 4 7 9 10
