9
1 10
3 2 3 10
4 1 2 6 10
4 1 3 7 9
4 1 3 7 10
4 1 6 7 10
4 3 4 7 8
5 2 3 4 8 10
5 2 4 6 8 10
