6
5 3 6 7 9 10
6 1 2 5 6 7 9
6 1 5 6 7 8 9
6 1 5 6 7 9 10
7 2 3 4 5 6 8 10
7 2 3 4 5 6 9 10
