11
3 2 4 6
4 1 2 4 6
4 1 5 6 9
4 2 4 5 9
4 2 4 6 7
4 2 4 7 9
5 1 3 5 8 10
5 1 3 5 9 10
5 1 3 7 9 10
5 1 4 5 6 8
5 4 5 6 7 8
